commands.c:21:15:check_command	24	static
commands.c:79:6:proc_inv_cmd	16	static
commands.c:85:6:proc_cs_cmd	16	static
commands.c:117:6:proc_en_cmd	24	static
commands.c:153:6:proc_un_cmd	16	static
commands.c:264:6:proc_vr_cmd	16	static
commands.c:303:6:proc_inc_cmd	16	static
commands.c:350:6:proc_dec_cmd	16	static
commands.c:396:6:proc_hw_cmd	24	static
commands.c:416:6:proc_fsw_cmd	16	static
commands.c:436:6:proc_sw_cmd	16	static
commands.c:460:6:proc_stw_cmd	16	static
commands.c:475:6:proc_pr_cmd	24	static
commands.c:493:6:proc_kp_cmd	24	static
commands.c:511:6:proc_kd_cmd	24	static
commands.c:529:6:proc_ki_cmd	24	static
commands.c:560:6:set_Kh_values	8	static
commands.c:581:6:update_pos	16	static
commands.c:589:6:ISR_PID	24	static
