commands.c:22:15:check_command	24	static
commands.c:80:6:proc_inv_cmd	16	static
commands.c:86:6:proc_cs_cmd	16	static
commands.c:118:6:proc_en_cmd	24	static
commands.c:154:6:proc_un_cmd	16	static
commands.c:265:6:proc_vr_cmd	16	static
commands.c:304:6:proc_inc_cmd	16	static
commands.c:351:6:proc_dec_cmd	16	static
commands.c:397:6:proc_hw_cmd	24	static
commands.c:417:6:proc_fsw_cmd	16	static
commands.c:437:6:proc_sw_cmd	16	static
commands.c:461:6:proc_stw_cmd	16	static
commands.c:476:6:proc_pr_cmd	24	static
commands.c:494:6:proc_kp_cmd	24	static
commands.c:512:6:proc_kd_cmd	24	static
commands.c:530:6:proc_ki_cmd	24	static
commands.c:561:6:set_Kh_values	8	static
commands.c:582:6:update_pos	16	static
commands.c:590:6:ISR_PID	48	static
